#-----------------------------------------------------------
# Vivado v2024.1 (64-bit)
# SW Build 5076996 on Wed May 22 18:37:14 MDT 2024
# IP Build 5075265 on Wed May 22 21:45:21 MDT 2024
# SharedData Build 5076995 on Wed May 22 18:29:18 MDT 2024
# Start of session at: Tue Feb 10 14:24:37 2026
# Process ID: 5776
# Current directory: W:/Desktop/SystemVerilogLabs/Lab4_5_ELEC3500/ALU_Datapath_SystemVerilog/Lab4_5_ELEC3500.runs/synth_1
# Command line: vivado.exe -log fibonacci_top.vds -product Vivado -mode batch -messageDb vivado.pb -notrace -source fibonacci_top.tcl
# Log file: W:/Desktop/SystemVerilogLabs/Lab4_5_ELEC3500/ALU_Datapath_SystemVerilog/Lab4_5_ELEC3500.runs/synth_1/fibonacci_top.vds
# Journal file: W:/Desktop/SystemVerilogLabs/Lab4_5_ELEC3500/ALU_Datapath_SystemVerilog/Lab4_5_ELEC3500.runs/synth_1\vivado.jou
# Running On        :ME4275-23
# Platform          :Windows Server 2016 or Windows 10
# Operating System  :22621
# Processor Detail  :Intel(R) Core(TM) i7-6700K CPU @ 4.00GHz
# CPU Frequency     :4008 MHz
# CPU Physical cores:4
# CPU Logical cores :8
# Host memory       :34221 MB
# Swap memory       :2147 MB
# Total Virtual     :36369 MB
# Available Virtual :23571 MB
#-----------------------------------------------------------
source fibonacci_top.tcl -notrace
